GowinSynthesis start
Running parser ...
Analyzing Verilog file '/home/minh-bui/Desktop/RISCV_32_Single_Cycle/src/data_memory.v'
Compiling module 'data_memory'("/home/minh-bui/Desktop/RISCV_32_Single_Cycle/src/data_memory.v":1)
Extracting RAM for identifier 'data_mem'("/home/minh-bui/Desktop/RISCV_32_Single_Cycle/src/data_memory.v":10)
NOTE  (EX0101) : Current top module is "data_memory"
[5%] Running netlist conversion ...
WARN  (CV0020) : Input addr[31:10] is unused("/home/minh-bui/Desktop/RISCV_32_Single_Cycle/src/data_memory.v":3)
Running device independent optimization ...
[10%] Optimizing Phase 0 completed
[15%] Optimizing Phase 1 completed
[25%] Optimizing Phase 2 completed
Running inference ...
[30%] Inferring Phase 0 completed
[40%] Inferring Phase 1 completed
[50%] Inferring Phase 2 completed
[55%] Inferring Phase 3 completed
Running technical mapping ...
[60%] Tech-Mapping Phase 0 completed
[65%] Tech-Mapping Phase 1 completed
[75%] Tech-Mapping Phase 2 completed
[80%] Tech-Mapping Phase 3 completed
[90%] Tech-Mapping Phase 4 completed
[95%] Generate netlist file "/home/minh-bui/Desktop/RISCV_32_Single_Cycle/impl/gwsynthesis/RISCV_32_Single_Cycle.vg" completed
[100%] Generate report file "/home/minh-bui/Desktop/RISCV_32_Single_Cycle/impl/gwsynthesis/RISCV_32_Single_Cycle_syn.rpt.html" completed
GowinSynthesis finish
